// Jest Snapshot v1, https://goo.gl/fbAQLP

exports[`App Renders the app 1`] = `ShallowWrapper {}`;
